// Jest Snapshot v1, https://goo.gl/fbAQLP

exports[`Input test suits Render correctly 1`] = `
<View
  style={
    Object {
      "paddingHorizontal": 10,
      "width": "100%",
    }
  }
>
  <View
    collapsable={false}
    nativeID="animatedComponent"
    style={
      Object {
        "alignItems": "center",
        "borderBottomColor": "rgba(0, 173, 238, 0.65)",
        "borderBottomWidth": 1,
        "borderColor": "#86939e",
        "flexDirection": "row",
        "height": 48,
        "transform": Array [
          Object {
            "translateX": 0,
          },
        ],
      }
    }
  >
    <TextInput
      editable={true}
      placeholderTextColor="rgba(0, 173, 238, 0.65)"
      style={
        Object {
          "color": "#00adee",
          "flex": 1,
          "fontSize": 16,
          "minHeight": 40,
        }
      }
      testID="RNE__Input__text-input"
      underlineColorAndroid="transparent"
    />
  </View>
  <Text
    style={
      Object {
        "color": "#dc3545",
        "fontSize": 12,
        "margin": 5,
      }
    }
  />
</View>
`;
